--- Starting Gang Shift API Verification ---
Using Company ID: 0c8ac143-6072-4abc-bb9d-37e70be4d9be

Testing GET /api/gang-shift/gangs...
Gangs Response: {
  "success": true,
  "data": [],
  "message": "Operation successful"
}
node : Failed to 
fetch gangs or no 
gangs found.
At line:1 char:1
+ node 
test_gang_shift.js > 
test_output.txt 
2>&1; cat 
test_output.txt
+ ~~~~~~~~~~~~~~~~~~~
~~~~~~~~~~~~~~~~~~~~~
~~~~~~
    + CategoryInfo   
           : NotSpe  
  cified: (Failed    
 to fetch gangs o    
r no gangs found    
.:String) [], Re    
moteException
    + FullyQualified 
   ErrorId : Native  
  CommandError
 
